[17:47:46] [ServerMain/INFO]: [bootstrap] Running Java 21 (OpenJDK 64-Bit Server VM 21.0.10+7-Ubuntu-124.04; Ubuntu null) on Linux 6.8.0-1044-azure (amd64)
[17:47:46] [ServerMain/INFO]: [bootstrap] Loading Paper 1.21.11-99-main@81b9122 (2026-01-20T19:08:30Z) for Minecraft 1.21.11
[17:47:46] [ServerMain/INFO]: [PluginInitializerManager] Initializing plugins...
[17:47:48] [ServerMain/INFO]: [PluginInitializerManager] Initialized 1 plugin
[17:47:48] [ServerMain/INFO]: [PluginInitializerManager] Bukkit plugins (1):
 - Geyser-Spigot (2.9.5-SNAPSHOT)
[17:47:56] [ServerMain/INFO]: Environment: Environment[sessionHost=https://sessionserver.mojang.com, servicesHost=https://api.minecraftservices.com, profilesHost=https://api.mojang.com, name=PROD]
[17:48:00] [ServerMain/INFO]: Loaded 1470 recipes
[17:48:00] [ServerMain/INFO]: Loaded 1584 advancements
[17:48:00] [ServerMain/INFO]: [ca.spottedleaf.dataconverter.minecraft.datatypes.MCTypeRegistry] Initialising converters for DataConverter...
[17:48:00] [ServerMain/INFO]: [ca.spottedleaf.dataconverter.minecraft.datatypes.MCTypeRegistry] Finished initialising converters for DataConverter in 723.1ms
[17:48:00] [Server thread/INFO]: Starting minecraft server version 1.21.11
[17:48:00] [Server thread/INFO]: Loading properties
[17:48:01] [Server thread/INFO]: This server is running Paper version 1.21.11-99-main@81b9122 (2026-01-20T19:08:30Z) (Implementing API version 1.21.11-R0.1-SNAPSHOT)
[17:48:01] [Server thread/INFO]: [spark] This server bundles the spark profiler. For more information please visit https://docs.papermc.io/paper/profiling
[17:48:01] [Server thread/INFO]: Using 4 threads for Netty based IO
[17:48:01] [Server thread/INFO]: Server Ping Player Sample Count: 12
[17:48:04] [Server thread/INFO]: [MoonriseCommon] Paper is using 1 worker threads, 1 I/O threads
[17:48:05] [Server thread/INFO]: Default game type: SURVIVAL
[17:48:05] [Server thread/INFO]: Generating keypair
[17:48:05] [Server thread/INFO]: Starting Minecraft server on *:25565
[17:48:05] [Server thread/INFO]: Paper: Using libdeflate (Linux x86_64) compression from Velocity.
[17:48:05] [Server thread/INFO]: Paper: Using OpenSSL 3.x.x (Linux x86_64) cipher from Velocity.
[17:48:06] [Server thread/INFO]: [Geyser-Spigot] Loading server plugin Geyser-Spigot v2.9.5-SNAPSHOT
[17:48:07] [Server thread/INFO]: [Geyser-Spigot] Loading extensions...
[17:48:07] [Server thread/INFO]: [Geyser-Spigot] Loaded 0 extension(s)
[17:48:07] [Server thread/INFO]: Server permissions file permissions.yml is empty, ignoring it
[17:48:07] [Server thread/WARN]: **** SERVER IS RUNNING IN OFFLINE/INSECURE MODE!
[17:48:07] [Server thread/WARN]: The server will make no attempt to authenticate usernames. Beware.
[17:48:07] [Server thread/WARN]: While this makes the game possible to play without internet access, it also opens up the ability for hackers to connect with any username they choose.
[17:48:07] [Server thread/WARN]: To change this, set "online-mode" to "true" in the server.properties file.
[17:48:07] [Server thread/INFO]: Preparing level "world"
[17:48:07] [Server thread/INFO]: [ca.spottedleaf.moonrise.common.util.MoonriseConstants] NUMA enable flag is not set; however there is NUMA interaction support for this OS.
[17:48:07] [Server thread/INFO]: [ca.spottedleaf.moonrise.common.util.MoonriseConstants] Detected 1 NUMA nodes.
[17:48:08] [Server thread/INFO]: Loading 0 persistent chunks for world 'minecraft:overworld'...
[17:48:08] [Server thread/INFO]: Preparing spawn area: 100%
[17:48:08] [Server thread/INFO]: Prepared spawn area in 5 ms
[17:48:08] [Server thread/INFO]: Loading 0 persistent chunks for world 'minecraft:the_nether'...
[17:48:08] [Server thread/INFO]: Prepared spawn area in 0 ms
[17:48:08] [Server thread/INFO]: Loading 0 persistent chunks for world 'minecraft:the_end'...
[17:48:08] [Server thread/INFO]: Prepared spawn area in 8 ms
[17:48:08] [Server thread/INFO]: Done preparing level "world" (1.380s)
[17:48:08] [Server thread/INFO]: [Geyser-Spigot] Enabling Geyser-Spigot v2.9.5-SNAPSHOT
[17:48:12] [Server thread/INFO]: [spark] Starting background profiler...
[17:48:13] [Server thread/INFO]: [Geyser-Spigot] ******************************************
[17:48:13] [Server thread/INFO]: [Geyser-Spigot] 
[17:48:13] [Server thread/INFO]: [Geyser-Spigot] Loading Geyser version 2.9.5-b1123 (git-master-e75f5ab)
[17:48:13] [Server thread/INFO]: [Geyser-Spigot] 
[17:48:13] [Server thread/INFO]: [Geyser-Spigot] ******************************************
[17:48:21] [Thread-6/WARN]: [Geyser-Spigot] Missing MC locale file: en_us
[17:48:21] [Thread-8/INFO]: [Geyser-Spigot] Downloading Minecraft JAR to extract required files, please wait... (this may take some time depending on the speed of your internet connection)
[17:48:21] [GeyserServer-3-1/INFO]: [Geyser-Spigot] Started Geyser on UDP port 19132
[17:48:21] [Server thread/INFO]: [Geyser-Spigot] Done (7.688s)! Run /geyser help for help!
[17:48:21] [Server thread/INFO]: Running delayed init tasks
[17:48:21] [Server thread/INFO]: Done (36.228s)! For help, type "help"
[17:48:21] [Paper Async Task Handler Thread - 1/INFO]: *** Currently you are 31 build(s) behind ***
[17:48:21] [Paper Async Task Handler Thread - 1/INFO]: *** It is highly recommended to download the latest build from https://papermc.io/downloads/paper ***
[17:48:22] [Thread-8/INFO]: [Geyser-Spigot] Minecraft JAR has been successfully downloaded and loaded!
[17:49:21] [Server thread/INFO]: Server empty for 60 seconds, pausing
